<h1 id="test">Test</h1>
<pre><code class="lang-javascript"><span class="hljs-attribute">var a </span>=<span class="hljs-string"> 10;</span>
</code></pre>
